Archive member included because of file (symbol)

c:/code_red/redsuite3_3.3/tools/bin/../lib/gcc/arm-none-eabi/4.3.3/../../../../arm-none-eabi/lib/thumb2\libcr_c.a(__weak__main.o)
                              ./src/cr_startup.o (__main)
c:/code_red/redsuite3_3.3/tools/bin/../lib/gcc/arm-none-eabi/4.3.3/../../../../arm-none-eabi/lib/thumb2\libcr_c.a(ctype.o)
                              c:/code_red/redsuite3_3.3/tools/bin/../lib/gcc/arm-none-eabi/4.3.3/../../../../arm-none-eabi/lib/thumb2\libcr_c.a(__weak__main.o) (_ctype_init)
c:/code_red/redsuite3_3.3/tools/bin/../lib/gcc/arm-none-eabi/4.3.3/../../../../arm-none-eabi/lib/thumb2\libcr_c.a(__init_alloc.o)
                              c:/code_red/redsuite3_3.3/tools/bin/../lib/gcc/arm-none-eabi/4.3.3/../../../../arm-none-eabi/lib/thumb2\libcr_c.a(__weak__main.o) (_init_alloc)

Allocating common symbols
Common symbol       size              file

rtcs_i              0x1               ./src/RTCS/schedule.o
task_state          0x1               ./src/RTCS/schedule.o
__heaps             0x4               c:/code_red/redsuite3_3.3/tools/bin/../lib/gcc/arm-none-eabi/4.3.3/../../../../arm-none-eabi/lib/thumb2\libcr_c.a(__init_alloc.o)
__end_of_heap       0x4               c:/code_red/redsuite3_3.3/tools/bin/../lib/gcc/arm-none-eabi/4.3.3/../../../../arm-none-eabi/lib/thumb2\libcr_c.a(__init_alloc.o)
task_time           0x2               ./src/RTCS/schedule.o

Discarded input sections

 .text          0x00000000        0x0 ./src/cr_startup.o
 .data          0x00000000        0x0 ./src/cr_startup.o
 .bss           0x00000000        0x0 ./src/cr_startup.o
 .text          0x00000000        0x0 ./src/main.o
 .data          0x00000000        0x0 ./src/main.o
 .bss           0x00000000        0x0 ./src/main.o
 .text          0x00000000        0x0 ./src/cpu/cpu.o
 .data          0x00000000        0x0 ./src/cpu/cpu.o
 .bss           0x00000000        0x0 ./src/cpu/cpu.o
 .text          0x00000000        0x0 ./src/RTCS/schedule.o
 .text._signal_sem
                0x00000000        0x0 ./src/RTCS/schedule.o
 .text._clear_sem
                0x00000000        0x0 ./src/RTCS/schedule.o
 .text._test_sem
                0x00000000        0x0 ./src/RTCS/schedule.o
 .text._time_status
                0x00000000        0x0 ./src/RTCS/schedule.o
 .text._stop    0x00000000        0x0 ./src/RTCS/schedule.o
 .text          0x00000000        0x0 ./src/RTCS/systick.o
 .data          0x00000000        0x0 ./src/RTCS/systick.o
 .text          0x00000000        0x0 c:/code_red/redsuite3_3.3/tools/bin/../lib/gcc/arm-none-eabi/4.3.3/../../../../arm-none-eabi/lib/thumb2\libcr_c.a(__weak__main.o)
 .data          0x00000000        0x0 c:/code_red/redsuite3_3.3/tools/bin/../lib/gcc/arm-none-eabi/4.3.3/../../../../arm-none-eabi/lib/thumb2\libcr_c.a(__weak__main.o)
 .bss           0x00000000        0x0 c:/code_red/redsuite3_3.3/tools/bin/../lib/gcc/arm-none-eabi/4.3.3/../../../../arm-none-eabi/lib/thumb2\libcr_c.a(__weak__main.o)
 .bss           0x00000000        0x0 c:/code_red/redsuite3_3.3/tools/bin/../lib/gcc/arm-none-eabi/4.3.3/../../../../arm-none-eabi/lib/thumb2\libcr_c.a(ctype.o)
 .text          0x00000000        0x0 c:/code_red/redsuite3_3.3/tools/bin/../lib/gcc/arm-none-eabi/4.3.3/../../../../arm-none-eabi/lib/thumb2\libcr_c.a(__init_alloc.o)
 .data          0x00000000        0x0 c:/code_red/redsuite3_3.3/tools/bin/../lib/gcc/arm-none-eabi/4.3.3/../../../../arm-none-eabi/lib/thumb2\libcr_c.a(__init_alloc.o)
 .bss           0x00000000        0x0 c:/code_red/redsuite3_3.3/tools/bin/../lib/gcc/arm-none-eabi/4.3.3/../../../../arm-none-eabi/lib/thumb2\libcr_c.a(__init_alloc.o)
 .text._start_module__init_alloc
                0x00000000        0x0 c:/code_red/redsuite3_3.3/tools/bin/../lib/gcc/arm-none-eabi/4.3.3/../../../../arm-none-eabi/lib/thumb2\libcr_c.a(__init_alloc.o)
 .text._end_module__init_alloc
                0x00000000        0x0 c:/code_red/redsuite3_3.3/tools/bin/../lib/gcc/arm-none-eabi/4.3.3/../../../../arm-none-eabi/lib/thumb2\libcr_c.a(__init_alloc.o)

Memory Configuration

Name             Origin             Length             Attributes
MFlash_256       0x00000000         0x00040000         xr
RAM_64           0x20000000         0x00010000         xrw
*default*        0x00000000         0xffffffff

Linker script and memory map

LOAD ./src/cr_startup.o
LOAD ./src/main.o
LOAD ./src/cpu/cpu.o
LOAD ./src/RTCS/schedule.o
LOAD ./src/RTCS/systick.o
START GROUP
LOAD c:/code_red/redsuite3_3.3/tools/bin/../lib/gcc/arm-none-eabi/4.3.3/../../../../arm-none-eabi/lib/thumb2\libcr_c.a
LOAD c:/code_red/redsuite3_3.3/tools/bin/../lib/gcc/arm-none-eabi/4.3.3/thumb2\libcr_eabihelpers.a
END GROUP
                0x00040000                __top_MFlash_256 = 0x40000
                0x20010000                __top_RAM_64 = 0x20010000

.text           0x00000000      0xb54
 *(.isr_vector)
 .isr_vector    0x00000000       0xf0 ./src/cr_startup.o
                0x00000000                g_pfnVectors
 *(.text*)
 .text.ResetISR
                0x000000f0       0x68 ./src/cr_startup.o
                0x000000f0                ResetISR
 .text.NmiSR    0x00000158        0x8 ./src/cr_startup.o
 .text.FaultISR
                0x00000160        0x8 ./src/cr_startup.o
 .text.IntDefaultHandler
                0x00000168        0x8 ./src/cr_startup.o
 .text.init_alive_task
                0x00000170       0x88 ./src/main.o
                0x00000170                init_alive_task
 .text.alive_task
                0x000001f8       0x28 ./src/main.o
                0x000001f8                alive_task
 .text.main     0x00000220       0x18 ./src/main.o
                0x00000220                main
 .text.clk_system_init
                0x00000238      0x180 ./src/cpu/cpu.o
                0x00000238                clk_system_init
 .text.enable_global_int
                0x000003b8        0xc ./src/cpu/cpu.o
                0x000003b8                enable_global_int
 .text.disable_global_int
                0x000003c4        0xc ./src/cpu/cpu.o
                0x000003c4                disable_global_int
 .text._wait    0x000003d0       0x34 ./src/RTCS/schedule.o
                0x000003d0                _wait
 .text._start   0x00000404       0x50 ./src/RTCS/schedule.o
                0x00000404                _start
 .text.task_setup
                0x00000454       0x50 ./src/RTCS/schedule.o
                0x00000454                task_setup
 .text.init_tasks
                0x000004a4       0x58 ./src/RTCS/schedule.o
                0x000004a4                init_tasks
 .text.start_rtcs_scheduler
                0x000004fc      0x174 ./src/RTCS/schedule.o
                0x000004fc                start_rtcs_scheduler
 .text.systick_isr
                0x00000670       0x24 ./src/RTCS/systick.o
                0x00000670                systick_isr
 .text.systick_init
                0x00000694       0xd8 ./src/RTCS/systick.o
                0x00000694                systick_init
 .text.systick_get
                0x0000076c       0x2c ./src/RTCS/systick.o
                0x0000076c                systick_get
 .text.systick_decrement
                0x00000798       0x28 ./src/RTCS/systick.o
                0x00000798                systick_decrement
 .text.__weak_main
                0x000007c0       0x10 c:/code_red/redsuite3_3.3/tools/bin/../lib/gcc/arm-none-eabi/4.3.3/../../../../arm-none-eabi/lib/thumb2\libcr_c.a(__weak__main.o)
                0x000007c0                __main
                0x000007c0                __weak_main
 .text          0x000007d0      0x36c c:/code_red/redsuite3_3.3/tools/bin/../lib/gcc/arm-none-eabi/4.3.3/../../../../arm-none-eabi/lib/thumb2\libcr_c.a(ctype.o)
                0x000007d0                _start_module_ctype
                0x000008a4                islower
                0x00000994                tolower
                0x000008f4                ispunct
                0x0000091c                isspace
                0x00000b30                _end_module_ctype
                0x0000096c                isxdigit
                0x00000aac                _ctype_init
                0x00000944                isupper
                0x00000804                isalpha
                0x0000087c                isgraph
                0x000007dc                isalnum
                0x000008cc                isprint
                0x00000a0c                _set_ctype_8859
                0x00000854                isdigit
                0x0000082c                iscntrl
                0x000009d0                toupper
 .text._init_alloc
                0x00000b3c       0x18 c:/code_red/redsuite3_3.3/tools/bin/../lib/gcc/arm-none-eabi/4.3.3/../../../../arm-none-eabi/lib/thumb2\libcr_c.a(__init_alloc.o)
                0x00000b3c                _init_alloc
 *(.rodata*)

.glue_7         0x00000b54        0x0
 .glue_7        0x00000000        0x0 linker stubs

.glue_7t        0x00000b54        0x0
 .glue_7t       0x00000000        0x0 linker stubs

.vfp11_veneer   0x00000b54        0x0
 .vfp11_veneer  0x00000000        0x0 linker stubs

.v4_bx          0x00000b54        0x0
 .v4_bx         0x00000000        0x0 linker stubs

.ARM.extab
 *(.ARM.extab* .gnu.linkonce.armextab.*)
                0x00000b54                __exidx_start = .

.ARM.exidx
 *(.ARM.exidx* .gnu.linkonce.armexidx.*)
                0x00000b54                __exidx_end = .
                0x00000b54                _etext = .

.data           0x20000000      0x20c load address 0x00000b54
                0x20000000                _data = .
 *(vtable)
 *(.data*)
 .data          0x20000000        0x8 ./src/RTCS/schedule.o
                0x20000000                init_task
                0x20000004                task
 .data          0x20000008      0x204 c:/code_red/redsuite3_3.3/tools/bin/../lib/gcc/arm-none-eabi/4.3.3/../../../../arm-none-eabi/lib/thumb2\libcr_c.a(ctype.o)
                0x20000008                __ctype
                0x2000020c                _edata = .

.bss            0x2000020c       0x14 load address 0x00000d60
                0x2000020c                _bss = .
 *(.bss*)
 .bss           0x2000020c        0x4 ./src/RTCS/schedule.o
                0x2000020c                semaphores
                0x2000020e                current_task
 .bss           0x20000210        0x1 ./src/RTCS/systick.o
                0x20000210                tick
 *(COMMON)
 *fill*         0x20000211        0x1 00
 COMMON         0x20000212        0x4 ./src/RTCS/schedule.o
                0x20000212                rtcs_i
                0x20000213                task_state
                0x20000214                task_time
 *fill*         0x20000216        0x2 00
 COMMON         0x20000218        0x8 c:/code_red/redsuite3_3.3/tools/bin/../lib/gcc/arm-none-eabi/4.3.3/../../../../arm-none-eabi/lib/thumb2\libcr_c.a(__init_alloc.o)
                0x20000218                __heaps
                0x2000021c                __end_of_heap
                0x20000220                _ebss = .

.cr_heap        0x20000220        0x0 load address 0x00000d60
                0x20000220                end = .
                0x20000220                _pvHeapStart = .
                0x20010000                _vRamTop = __top_RAM_64
                0x2000fff0                _vStackTop = (_vRamTop - 0x10)
OUTPUT(RTCS.axf elf32-littlearm)

.debug_abbrev   0x00000000      0x338
 .debug_abbrev  0x00000000       0xbf ./src/cr_startup.o
 .debug_abbrev  0x000000bf       0x8d ./src/main.o
 .debug_abbrev  0x0000014c       0x67 ./src/cpu/cpu.o
 .debug_abbrev  0x000001b3      0x107 ./src/RTCS/schedule.o
 .debug_abbrev  0x000002ba       0x7e ./src/RTCS/systick.o

.debug_info     0x00000000      0x70b
 .debug_info    0x00000000      0x14e ./src/cr_startup.o
 .debug_info    0x0000014e       0xdc ./src/main.o
 .debug_info    0x0000022a       0xce ./src/cpu/cpu.o
 .debug_info    0x000002f8      0x317 ./src/RTCS/schedule.o
 .debug_info    0x0000060f       0xfc ./src/RTCS/systick.o

.debug_line     0x00000000      0x552
 .debug_line    0x00000000       0xc2 ./src/cr_startup.o
 .debug_line    0x000000c2      0x126 ./src/main.o
 .debug_line    0x000001e8      0x103 ./src/cpu/cpu.o
 .debug_line    0x000002eb      0x184 ./src/RTCS/schedule.o
 .debug_line    0x0000046f       0xe3 ./src/RTCS/systick.o

.debug_macinfo  0x00000000    0x68b85
 .debug_macinfo
                0x00000000      0xf26 ./src/cr_startup.o
 .debug_macinfo
                0x00000f26    0x19b4c ./src/main.o
 .debug_macinfo
                0x0001aa72    0x1aa2d ./src/cpu/cpu.o
 .debug_macinfo
                0x0003549f    0x19bf5 ./src/RTCS/schedule.o
 .debug_macinfo
                0x0004f094    0x19af1 ./src/RTCS/systick.o

.debug_frame    0x00000000      0x2dc
 .debug_frame   0x00000000       0x78 ./src/cr_startup.o
 .debug_frame   0x00000078       0x68 ./src/main.o
 .debug_frame   0x000000e0       0x5c ./src/cpu/cpu.o
 .debug_frame   0x0000013c      0x12c ./src/RTCS/schedule.o
 .debug_frame   0x00000268       0x74 ./src/RTCS/systick.o

.debug_loc      0x00000000      0x4a4
 .debug_loc     0x00000000       0xb8 ./src/cr_startup.o
 .debug_loc     0x000000b8       0x8d ./src/main.o
 .debug_loc     0x00000145       0x8d ./src/cpu/cpu.o
 .debug_loc     0x000001d2      0x21a ./src/RTCS/schedule.o
 .debug_loc     0x000003ec       0xb8 ./src/RTCS/systick.o

.debug_pubnames
                0x00000000      0x228
 .debug_pubnames
                0x00000000       0x30 ./src/cr_startup.o
 .debug_pubnames
                0x00000030       0x3e ./src/main.o
 .debug_pubnames
                0x0000006e       0x53 ./src/cpu/cpu.o
 .debug_pubnames
                0x000000c1      0x105 ./src/RTCS/schedule.o
 .debug_pubnames
                0x000001c6       0x62 ./src/RTCS/systick.o

.debug_aranges  0x00000000      0x138
 .debug_aranges
                0x00000000       0x38 ./src/cr_startup.o
 .debug_aranges
                0x00000038       0x30 ./src/main.o
 .debug_aranges
                0x00000068       0x30 ./src/cpu/cpu.o
 .debug_aranges
                0x00000098       0x68 ./src/RTCS/schedule.o
 .debug_aranges
                0x00000100       0x38 ./src/RTCS/systick.o

.debug_ranges   0x00000000      0x110
 .debug_ranges  0x00000000       0x30 ./src/cr_startup.o
 .debug_ranges  0x00000030       0x28 ./src/main.o
 .debug_ranges  0x00000058       0x28 ./src/cpu/cpu.o
 .debug_ranges  0x00000080       0x60 ./src/RTCS/schedule.o
 .debug_ranges  0x000000e0       0x30 ./src/RTCS/systick.o

.debug_str      0x00000000      0x2ef
 .debug_str     0x00000000      0x117 ./src/cr_startup.o
                                0x13e (size before relaxing)
 .debug_str     0x00000117       0x2f ./src/main.o
                                 0xff (size before relaxing)
 .debug_str     0x00000146       0x4d ./src/cpu/cpu.o
                                0x118 (size before relaxing)
 .debug_str     0x00000193      0x10a ./src/RTCS/schedule.o
                                0x1d9 (size before relaxing)
 .debug_str     0x0000029d       0x52 ./src/RTCS/systick.o
                                0x12a (size before relaxing)

.comment        0x00000000      0x158
 .comment       0x00000000       0x2b ./src/cr_startup.o
 .comment       0x0000002b       0x2b ./src/main.o
 .comment       0x00000056       0x2b ./src/cpu/cpu.o
 .comment       0x00000081       0x2b ./src/RTCS/schedule.o
 .comment       0x000000ac       0x2b ./src/RTCS/systick.o
 .comment       0x000000d7       0x2b c:/code_red/redsuite3_3.3/tools/bin/../lib/gcc/arm-none-eabi/4.3.3/../../../../arm-none-eabi/lib/thumb2\libcr_c.a(__weak__main.o)
 .comment       0x00000102       0x2b c:/code_red/redsuite3_3.3/tools/bin/../lib/gcc/arm-none-eabi/4.3.3/../../../../arm-none-eabi/lib/thumb2\libcr_c.a(ctype.o)
 .comment       0x0000012d       0x2b c:/code_red/redsuite3_3.3/tools/bin/../lib/gcc/arm-none-eabi/4.3.3/../../../../arm-none-eabi/lib/thumb2\libcr_c.a(__init_alloc.o)

.ARM.attributes
                0x00000000       0x31
 .ARM.attributes
                0x00000000       0x31 ./src/cr_startup.o
 .ARM.attributes
                0x00000031       0x31 ./src/main.o
 .ARM.attributes
                0x00000062       0x31 ./src/cpu/cpu.o
 .ARM.attributes
                0x00000093       0x31 ./src/RTCS/schedule.o
 .ARM.attributes
                0x000000c4       0x31 ./src/RTCS/systick.o
 .ARM.attributes
                0x000000f5       0x31 c:/code_red/redsuite3_3.3/tools/bin/../lib/gcc/arm-none-eabi/4.3.3/../../../../arm-none-eabi/lib/thumb2\libcr_c.a(__weak__main.o)
 .ARM.attributes
                0x00000126       0x31 c:/code_red/redsuite3_3.3/tools/bin/../lib/gcc/arm-none-eabi/4.3.3/../../../../arm-none-eabi/lib/thumb2\libcr_c.a(ctype.o)
 .ARM.attributes
                0x00000157       0x31 c:/code_red/redsuite3_3.3/tools/bin/../lib/gcc/arm-none-eabi/4.3.3/../../../../arm-none-eabi/lib/thumb2\libcr_c.a(__init_alloc.o)
